{
  "data": {
    "transactions": [
      {
        "accountId": "string",
        "transactionId": "string",
        "isDetailAvailable": true,
        "status": "PENDING",
        "description": "string",
        "postDateTime": "2018-11-01T05:33:52Z",
        "executionDateTime": "2018-11-01T05:33:52Z",
        "amount": "300.42",
        "currency": "AUD",
        "reference": "string"
      }
    ]
  },
  "links": {
    "self": "http://example.com/self",
    "first": "http://example.com/first",
    "prev": "http://example.com/prev",
    "next": "http://example.com/next",
    "last": "http://example.com/last"
  },
  "meta": {
    "totalRecords": 6,
    "totalPages": 2
  }
}
