{
  "data": {
    "balances": [
      {
        "accountId": "string",
        "balanceUType" : "deposits",
        "deposits": {
          "currentBalance": {
            "amount": "300.56",
            "currency": "AUD"
          },
          "availableBalance": {
            "amount": "300.56",
            "currency": "AUD"
          }
        }
      }
    ]
  },
  "links": {
    "self": "http://example.com/self",
    "first": "http://example.com/first",
    "prev": "http://example.com/prev",
    "next": "http://example.com/next",
    "last": "http://example.com/last"
  },
  "meta": {
    "totalRecords": 6,
    "totalPages": 2
  }
}
