{
    "data": {
        "accounts": [
            {
                "accountId": "acc-id",
                "displayName": "disp-name",
                "nickname": "nick name",
                "maskedNumber": "12345abcde",
                "openStatus": "OPEN",
                "isOwned": true,
                "productCategory": "PERS_AT_CALL_DEPOSITS",
                "productName": "prod name"
            }
        ]
    },
    "links": {
        "self": "http://example.com/self",
        "first": "http://example.com/first",
        "prev": "http://example.com/prev",
        "next": "http://example.com/next",
        "last": "http://example.com/last"
    },
    "meta": {
        "totalRecords": 6,
        "totalPages": 2
    }
}
