{
  "data": {
    "balances": [
      {
        "accountId": "string",
        "balanceUType" : "deposits",
        "deposits": {
          "currentBalance": {
            "amount": "300.56",
            "currency": "AUD"
          },
          "availableBalance": {
            "amount": "300.56",
            "currency": "AUD"
          }
        }
      }
    ]
  },
  "links": {
    "self": "http://example.com/self"
  },
  "meta": {
  }
}
