{
  "data": {
    "balances": [{
        "accountId": "string",
        "balanceUType": "deposit",
        "deposit": {
          "currentBalance": {
            "amount": "300.56",
            "currency": "AUD"
          },
          "availableBalance": {
            "amount": "300.56",
            "currency": "AUD"
          }
        }
      },
      {
        "accountId": "string",
        "balanceUType": "lending",
        "lending": {
          "accountBalance": {
            "amount": "100.00",
            "currency": "AUD"
          },
          "availableBalance": {
            "amount": "100.00",
            "currency": "AUD"
          },
          "creditLimit": {
            "amount": "50.00",
            "currency": "AUD"
          },
          "amortisedLimit": {
            "amount": "0.00",
            "currency": "AUD"
          }
        }
      },
      {
        "accountId": "string",
        "balanceUType": "purses",
        "purses": [{
            "amount": "123.45",
            "currency": "AUD"
          },
          {
            "amount": "678.90",
            "currency": "USD"
          }
        ]
      }
    ]
  },
  "links": {
    "self": "http://example.com/self",
    "first": "http://example.com/first",
    "prev": "http://example.com/prev",
    "next": "http://example.com/next",
    "last": "http://example.com/last"
  },
  "meta": {
    "totalRecords": 6,
    "totalPages": 2
  }
}
