{
  "data": {
    "accountIds": [
      "12345",
      "12346"
    ]
  },
  "meta": {}
}
